// Jest Snapshot v1, https://goo.gl/fbAQLP

exports[`Pruebas en <RegisterScreen /> debe de mostrarse correctamente 1`] = `
Array [
  <h3
    className="auth__title"
  >
    Register
  </h3>,
  <form
    className="animate__animated animate__fadeIn animate__faster"
    onSubmit={[Function]}
  >
    <input
      autoComplete="off"
      className="auth__input"
      name="name"
      onChange={[Function]}
      placeholder="Name"
      required={true}
      type="text"
      value="Andres Casas"
    />
    <input
      autoComplete="off"
      className="auth__input"
      name="email"
      onChange={[Function]}
      placeholder="Email"
      required={true}
      type="text"
      value="andrescasas@gmail.com"
    />
    <input
      autoComplete="off"
      className="auth__input"
      name="password"
      onChange={[Function]}
      placeholder="Password"
      required={true}
      type="password"
      value="123456"
    />
    <input
      autoComplete="off"
      className="auth__input"
      name="password2"
      onChange={[Function]}
      placeholder="Confirm password"
      required={true}
      type="password"
      value="123456"
    />
    <button
      className="btn btn-secondary btn-block mb-5"
      type="submit"
    >
      Register
    </button>
    <div
      className="text-right"
    >
      <a
        className="link"
        href="/auth/login"
        onClick={[Function]}
      >
        Already registered?
      </a>
    </div>
  </form>,
]
`;
